WARNING: Failed to find function "__sanitizer_acquire_crash_state".
WARNING: Failed to find function "__sanitizer_print_stack_trace".
WARNING: Failed to find function "__sanitizer_set_death_callback".
INFO: Running with entropic power schedule (0xFF, 100).
INFO: Seed: 2154435447
MERGE-OUTER: 475 files, 0 in the initial corpus, 0 processed earlier
MERGE-OUTER: attempt 1
WARNING: Failed to find function "__sanitizer_acquire_crash_state".
WARNING: Failed to find function "__sanitizer_print_stack_trace".
WARNING: Failed to find function "__sanitizer_set_death_callback".
INFO: Running with entropic power schedule (0xFF, 100).
INFO: Seed: 2154444243
INFO: -max_len is not provided; libFuzzer will not generate inputs larger than 1048576 bytes
MERGE-INNER: using the control file '/tmp/libFuzzerTemp.Merge423.txt'
MERGE-INNER: 475 total files; 0 processed earlier; will process 475 files now
#1	pulse  exec/s: 0 rss: 29Mb
#2	pulse  exec/s: 0 rss: 29Mb
#4	pulse  exec/s: 0 rss: 29Mb
#8	pulse  exec/s: 0 rss: 29Mb
#16	pulse  exec/s: 0 rss: 29Mb
#32	pulse  exec/s: 0 rss: 29Mb
#64	pulse  exec/s: 0 rss: 29Mb
#128	pulse  exec/s: 0 rss: 30Mb
#256	pulse  exec/s: 0 rss: 30Mb
#475	DONE   exec/s: 158 rss: 30Mb
==426== ERROR: libFuzzer: deadly signal
NOTE: libFuzzer has rudimentary signal handlers.
      Combine libFuzzer with AddressSanitizer or similar for better crash reports.
SUMMARY: libFuzzer: deadly signal
MS: 0 ; base unit: 0000000000000000000000000000000000000000


artifact_prefix='./'; Test unit written to ./crash-da39a3ee5e6b4b0d3255bfef95601890afd80709
Base64: 
MERGE-OUTER: attempt 2
WARNING: Failed to find function "__sanitizer_acquire_crash_state".
WARNING: Failed to find function "__sanitizer_print_stack_trace".
WARNING: Failed to find function "__sanitizer_set_death_callback".
INFO: Running with entropic power schedule (0xFF, 100).
INFO: Seed: 2157535156
INFO: -max_len is not provided; libFuzzer will not generate inputs larger than 1048576 bytes
MERGE-INNER: using the control file '/tmp/libFuzzerTemp.Merge423.txt'
MERGE-INNER: 475 total files; 475 processed earlier; will process 0 files now
#0	DONE   exec/s: 0 rss: 27Mb
LLVM Profile Error: Invalid profile data to merge
LLVM Profile Error: Profile Merging of file /github/workspace/cifuzz-coverage/dumps/active.3134577516413619218_0.profraw failed: File exists
LLVM Profile Error: Failed to write file "/github/workspace/cifuzz-coverage/dumps/active.3134577516413619218_0.profraw": File exists
MERGE-OUTER: successful in 2 attempt(s)
MERGE-OUTER: the control file has 52190 bytes
MERGE-OUTER: consumed 0Mb (27Mb rss) to parse the control file
MERGE-OUTER: 0 new files with 0 new features added; 0 new coverage edges
LLVM Profile Error: Invalid profile data to merge
LLVM Profile Error: Profile Merging of file /github/workspace/cifuzz-coverage/dumps/active.3134577516413619218_0.profraw failed: File exists
LLVM Profile Error: Failed to write file "/github/workspace/cifuzz-coverage/dumps/active.3134577516413619218_0.profraw": File exists
