WARNING: Failed to find function "__sanitizer_acquire_crash_state".
WARNING: Failed to find function "__sanitizer_print_stack_trace".
WARNING: Failed to find function "__sanitizer_set_death_callback".
INFO: Running with entropic power schedule (0xFF, 100).
INFO: Seed: 1804702255
MERGE-OUTER: 1130 files, 0 in the initial corpus, 0 processed earlier
MERGE-OUTER: attempt 1
WARNING: Failed to find function "__sanitizer_acquire_crash_state".
WARNING: Failed to find function "__sanitizer_print_stack_trace".
WARNING: Failed to find function "__sanitizer_set_death_callback".
INFO: Running with entropic power schedule (0xFF, 100).
INFO: Seed: 1804717222
INFO: -max_len is not provided; libFuzzer will not generate inputs larger than 1048576 bytes
MERGE-INNER: using the control file '/tmp/libFuzzerTemp.Merge643.txt'
MERGE-INNER: 1130 total files; 0 processed earlier; will process 1130 files now
[2m2026-09-28T04:22:55.460588Z[0m [33m WARN[0m [2mhardy_bpa::storage::bundle_mem[0m[2m:[0m Using in-memory bundle storage (capacity 1048576 bytes): stored bundles will NOT survive a restart
[2m2026-09-28T04:22:55.460654Z[0m [33m WARN[0m [2mhardy_bpa::storage::metadata_mem[0m[2m:[0m Using in-memory metadata storage (max 256 bundles): bundle metadata will NOT survive a restart
[2m2026-09-28T04:22:55.460756Z[0m [33m WARN[0m [2mhardy_bpa::dispatcher[0m[2m:[0m Bundle status reports are enabled
[2m2026-09-28T04:22:55.461942Z[0m [32m INFO[0m [2mhardy_bpa::cla::registry[0m[2m:[0m Registered CLA: fuzz
[2m2026-09-28T04:22:55.462129Z[0m [32m INFO[0m [2mhardy_bpa::routing::rib[0m[2m:[0m Registered new routing agent: fuzz
#1	pulse  exec/s: 0 rss: 41Mb
#2	pulse  exec/s: 0 rss: 41Mb
#4	pulse  exec/s: 0 rss: 41Mb
#8	pulse  exec/s: 0 rss: 41Mb
#16	pulse  exec/s: 0 rss: 41Mb
#32	pulse  exec/s: 0 rss: 42Mb
#64	pulse  exec/s: 0 rss: 42Mb
#128	pulse  exec/s: 0 rss: 42Mb
#256	pulse  exec/s: 0 rss: 43Mb
#512	pulse  exec/s: 0 rss: 43Mb
[2m2026-09-28T04:22:55.598969Z[0m [33m WARN[0m [2mhardy_bpa::dispatcher::forward[0m[2m:[0m Failed to update extension blocks: Failed to parse primary block: Bundle violates RFC 9171 canonical CBOR encoding requirements
[2m2026-09-28T04:22:55.600098Z[0m [33m WARN[0m [2mhardy_bpa::dispatcher::forward[0m[2m:[0m Failed to update extension blocks: Failed to parse primary block: Bundle violates RFC 9171 canonical CBOR encoding requirements
[2m2026-09-28T04:22:55.647700Z[0m [33m WARN[0m [2mhardy_bpa::dispatcher::forward[0m[2m:[0m Failed to update extension blocks: Failed to parse primary block: Bundle violates RFC 9171 canonical CBOR encoding requirements
[2m2026-09-28T04:22:55.656765Z[0m [33m WARN[0m [2mhardy_bpa::dispatcher::forward[0m[2m:[0m Failed to update extension blocks: Failed to parse primary block: Bundle violates RFC 9171 canonical CBOR encoding requirements
[2m2026-09-28T04:22:55.663543Z[0m [33m WARN[0m [2mhardy_bpa::dispatcher::forward[0m[2m:[0m Failed to update extension blocks: Failed to parse primary block: Bundle violates RFC 9171 canonical CBOR encoding requirements
#1024	pulse  exec/s: 0 rss: 44Mb
[2m2026-09-28T04:22:55.673899Z[0m [33m WARN[0m [2mhardy_bpa::dispatcher::forward[0m[2m:[0m Failed to update extension blocks: Failed to parse primary block: Bundle violates RFC 9171 canonical CBOR encoding requirements
[2m2026-09-28T04:22:55.674348Z[0m [33m WARN[0m [2mhardy_bpa::dispatcher::forward[0m[2m:[0m Failed to update extension blocks: Failed to parse primary block: Bundle violates RFC 9171 canonical CBOR encoding requirements
[2m2026-09-28T04:22:55.674741Z[0m [33m WARN[0m [2mhardy_bpa::dispatcher::forward[0m[2m:[0m Failed to update extension blocks: Failed to parse primary block: Bundle violates RFC 9171 canonical CBOR encoding requirements
[2m2026-09-28T04:22:55.675026Z[0m [33m WARN[0m [2mhardy_bpa::dispatcher::forward[0m[2m:[0m Failed to update extension blocks: Failed to parse primary block: Bundle violates RFC 9171 canonical CBOR encoding requirements
[2m2026-09-28T04:22:55.687133Z[0m [33m WARN[0m [2mhardy_bpa::dispatcher::forward[0m[2m:[0m Failed to update extension blocks: Failed to parse primary block: Bundle violates RFC 9171 canonical CBOR encoding requirements
[2m2026-09-28T04:22:55.687895Z[0m [33m WARN[0m [2mhardy_bpa::dispatcher::forward[0m[2m:[0m Failed to update extension blocks: Failed to parse primary block: Bundle violates RFC 9171 canonical CBOR encoding requirements
[2m2026-09-28T04:22:55.689779Z[0m [33m WARN[0m [2mhardy_bpa::dispatcher::forward[0m[2m:[0m Failed to update extension blocks: Failed to parse primary block: Bundle violates RFC 9171 canonical CBOR encoding requirements
#1130	DONE   exec/s: 0 rss: 44Mb
MERGE-OUTER: successful in 1 attempt(s)
MERGE-OUTER: the control file has 121029 bytes
MERGE-OUTER: consumed 0Mb (28Mb rss) to parse the control file
MERGE-OUTER: 0 new files with 0 new features added; 0 new coverage edges
